EN fjkc_mxilinx_broq4 NULL "D:/Work 2017/AIT Lab/VHDL/Shematik/broq4.vhf" sub00/vhpl02 1543833464
AR broq4 behavioral "D:/Work 2017/AIT Lab/VHDL/Shematik/broq4.vhf" sub00/vhpl05 1543833467
EN mux4x1 NULL "D:/Work 2017/AIT Lab/mux4x1.vhf" sub00/vhpl00 1512391026
AR fjkc_mxilinx_broq4 behavioral "D:/Work 2017/AIT Lab/VHDL/Shematik/broq4.vhf" sub00/vhpl03 1543833465
AR mux4x1 behavioral "D:/Work 2017/AIT Lab/mux4x1.vhf" sub00/vhpl01 1512391027
EN broq4 NULL "D:/Work 2017/AIT Lab/VHDL/Shematik/broq4.vhf" sub00/vhpl04 1543833466
