Release 14.3 - xst P.40xd (nt64)
Copyright (c) 1995-2012 Xilinx, Inc.  All rights reserved.
--> Parameter TMPDIR set to xst/projnav.tmp


Total REAL time to Xst completion: 0.00 secs
Total CPU time to Xst completion: 0.12 secs
 
--> Parameter xsthdpdir set to xst


Total REAL time to Xst completion: 0.00 secs
Total CPU time to Xst completion: 0.13 secs
 
--> Reading design: fib.prj

TABLE OF CONTENTS
  1) Synthesis Options Summary
  2) HDL Compilation
  3) Design Hierarchy Analysis
  4) HDL Analysis
  5) HDL Synthesis
     5.1) HDL Synthesis Report
  6) Advanced HDL Synthesis
     6.1) Advanced HDL Synthesis Report
  7) Low Level Synthesis
  8) Partition Report
  9) Final Report
	9.1) Device utilization summary
	9.2) Partition Resource Summary
	9.3) TIMING REPORT


=========================================================================
*                      Synthesis Options Summary                        *
=========================================================================
---- Source Parameters
Input File Name                    : "fib.prj"
Input Format                       : mixed
Ignore Synthesis Constraint File   : NO

---- Target Parameters
Output File Name                   : "fib"
Output Format                      : NGC
Target Device                      : xc3s500e-5-fg320

---- Source Options
Top Module Name                    : fib
Automatic FSM Extraction           : YES
FSM Encoding Algorithm             : Auto
Safe Implementation                : No
FSM Style                          : LUT
RAM Extraction                     : Yes
RAM Style                          : Auto
ROM Extraction                     : Yes
Mux Style                          : Auto
Decoder Extraction                 : YES
Priority Encoder Extraction        : Yes
Shift Register Extraction          : YES
Logical Shifter Extraction         : YES
XOR Collapsing                     : YES
ROM Style                          : Auto
Mux Extraction                     : Yes
Resource Sharing                   : YES
Asynchronous To Synchronous        : NO
Multiplier Style                   : Auto
Automatic Register Balancing       : No

---- Target Options
Add IO Buffers                     : YES
Global Maximum Fanout              : 500
Add Generic Clock Buffer(BUFG)     : 24
Register Duplication               : YES
Slice Packing                      : YES
Optimize Instantiated Primitives   : NO
Use Clock Enable                   : Yes
Use Synchronous Set                : Yes
Use Synchronous Reset              : Yes
Pack IO Registers into IOBs        : Auto
Equivalent register Removal        : YES

---- General Options
Optimization Goal                  : Speed
Optimization Effort                : 1
Keep Hierarchy                     : No
Netlist Hierarchy                  : As_Optimized
RTL Output                         : Yes
Global Optimization                : AllClockNets
Read Cores                         : YES
Write Timing Constraints           : NO
Cross Clock Analysis               : NO
Hierarchy Separator                : /
Bus Delimiter                      : <>
Case Specifier                     : Maintain
Slice Utilization Ratio            : 100
BRAM Utilization Ratio             : 100
Verilog 2001                       : YES
Auto BRAM Packing                  : NO
Slice Utilization Ratio Delta      : 5

=========================================================================


=========================================================================
*                          HDL Compilation                              *
=========================================================================
Compiling vhdl file "D:/tERROR/Doktorat/VHDL 2014/DFSM/DFSM.vhd" in Library work.
Architecture arch of Entity fib is up to date.

=========================================================================
*                     Design Hierarchy Analysis                         *
=========================================================================
Analyzing hierarchy for entity <fib> in library <work> (architecture <arch>).


=========================================================================
*                            HDL Analysis                               *
=========================================================================
Analyzing Entity <fib> in library <work> (Architecture <arch>).
Entity <fib> analyzed. Unit <fib> generated.


=========================================================================
*                           HDL Synthesis                               *
=========================================================================

Performing bidirectional port resolution...

Synthesizing Unit <fib>.
    Related source file is "D:/tERROR/Doktorat/VHDL 2014/DFSM/DFSM.vhd".
    Found finite state machine <FSM_0> for signal <state_reg>.
    -----------------------------------------------------------------------
    | States             | 3                                              |
    | Transitions        | 6                                              |
    | Inputs             | 3                                              |
    | Outputs            | 3                                              |
    | Clock              | clk                       (rising_edge)        |
    | Reset              | reset                     (positive)           |
    | Reset type         | asynchronous                                   |
    | Reset State        | idle                                           |
    | Power Up State     | idle                                           |
    | Encoding           | automatic                                      |
    | Implementation     | LUT                                            |
    -----------------------------------------------------------------------
    Found 5-bit register for signal <n_reg>.
    Found 5-bit subtractor for signal <n_reg$addsub0000> created at line 63.
    Found 20-bit register for signal <t0_reg>.
    Found 20-bit register for signal <t1_reg>.
    Found 20-bit adder for signal <t1_reg$addsub0000> created at line 61.
    Summary:
	inferred   1 Finite State Machine(s).
	inferred  45 D-type flip-flop(s).
	inferred   2 Adder/Subtractor(s).
Unit <fib> synthesized.


=========================================================================
HDL Synthesis Report

Macro Statistics
# Adders/Subtractors                                   : 2
 20-bit adder                                          : 1
 5-bit subtractor                                      : 1
# Registers                                            : 3
 20-bit register                                       : 2
 5-bit register                                        : 1

=========================================================================

=========================================================================
*                       Advanced HDL Synthesis                          *
=========================================================================

Analyzing FSM <FSM_0> for best encoding.
Optimizing FSM <state_reg/FSM> on signal <state_reg[1:2]> with gray encoding.
-------------------
 State | Encoding
-------------------
 idle  | 00
 op    | 01
 done  | 11
-------------------

=========================================================================
Advanced HDL Synthesis Report

Macro Statistics
# FSMs                                                 : 1
# Adders/Subtractors                                   : 2
 20-bit adder                                          : 1
 5-bit subtractor                                      : 1
# Registers                                            : 45
 Flip-Flops                                            : 45

=========================================================================

=========================================================================
*                         Low Level Synthesis                           *
=========================================================================

Optimizing unit <fib> ...

Mapping all equations...
Building and optimizing final netlist ...
Found area constraint ratio of 100 (+ 5) on block fib, actual ratio is 1.

Final Macro Processing ...

=========================================================================
Final Register Report

Macro Statistics
# Registers                                            : 47
 Flip-Flops                                            : 47

=========================================================================

=========================================================================
*                           Partition Report                            *
=========================================================================

Partition Implementation Status
-------------------------------

  No Partitions were found in this design.

-------------------------------

=========================================================================
*                            Final Report                               *
=========================================================================
Final Results
RTL Top Level Output File Name     : fib.ngr
Top Level Output File Name         : fib
Output Format                      : NGC
Optimization Goal                  : Speed
Keep Hierarchy                     : No

Design Statistics
# IOs                              : 30

Cell Usage :
# BELS                             : 132
#      GND                         : 1
#      INV                         : 1
#      LUT2                        : 21
#      LUT2_D                      : 1
#      LUT2_L                      : 1
#      LUT3                        : 8
#      LUT3_D                      : 2
#      LUT3_L                      : 2
#      LUT4                        : 51
#      LUT4_D                      : 2
#      LUT4_L                      : 2
#      MUXCY                       : 19
#      MUXF5                       : 1
#      XORCY                       : 20
# FlipFlops/Latches                : 47
#      FDC                         : 47
# Clock Buffers                    : 1
#      BUFGP                       : 1
# IO Buffers                       : 29
#      IBUF                        : 7
#      OBUF                        : 22
=========================================================================

Device utilization summary:
---------------------------

Selected Device : 3s500efg320-5 

 Number of Slices:                       48  out of   4656     1%  
 Number of Slice Flip Flops:             47  out of   9312     0%  
 Number of 4 input LUTs:                 91  out of   9312     0%  
 Number of IOs:                          30
 Number of bonded IOBs:                  30  out of    232    12%  
 Number of GCLKs:                         1  out of     24     4%  

---------------------------
Partition Resource Summary:
---------------------------

  No Partitions were found in this design.

---------------------------


=========================================================================
TIMING REPORT

NOTE: THESE TIMING NUMBERS ARE ONLY A SYNTHESIS ESTIMATE.
      FOR ACCURATE TIMING INFORMATION PLEASE REFER TO THE TRACE REPORT
      GENERATED AFTER PLACE-and-ROUTE.

Clock Information:
------------------
-----------------------------------+------------------------+-------+
Clock Signal                       | Clock buffer(FF name)  | Load  |
-----------------------------------+------------------------+-------+
clk                                | BUFGP                  | 47    |
-----------------------------------+------------------------+-------+

Asynchronous Control Signals Information:
----------------------------------------
-----------------------------------+------------------------+-------+
Control Signal                     | Buffer(FF name)        | Load  |
-----------------------------------+------------------------+-------+
reset                              | IBUF                   | 47    |
-----------------------------------+------------------------+-------+

Timing Summary:
---------------
Speed Grade: -5

   Minimum period: 5.337ns (Maximum Frequency: 187.380MHz)
   Minimum input arrival time before clock: 5.114ns
   Maximum output required time after clock: 5.574ns
   Maximum combinational path delay: No path found

Timing Detail:
--------------
All values displayed in nanoseconds (ns)

=========================================================================
Timing constraint: Default period analysis for Clock 'clk'
  Clock period: 5.337ns (frequency: 187.380MHz)
  Total number of paths / destination ports: 1287 / 47
-------------------------------------------------------------------------
Delay:               5.337ns (Levels of Logic = 4)
  Source:            n_reg_1 (FF)
  Destination:       n_reg_2 (FF)
  Source Clock:      clk rising
  Destination Clock: clk rising

  Data Path: n_reg_1 to n_reg_2
                                Gate     Net
    Cell:in->out      fanout   Delay   Delay  Logical Name (Net Name)
    ----------------------------------------  ------------
     FDC:C->Q              5   0.514   0.541  n_reg_1 (n_reg_1)
     LUT4_D:I3->O         10   0.612   0.819  state_reg_FSM_N01 (state_reg_FSM_N0)
     LUT2_D:I1->O          1   0.612   0.360  n_reg_mux0000<1>321 (N10)
     LUT4:I3->O            1   0.612   0.387  n_reg_mux0000<2>6 (n_reg_mux0000<2>6)
     LUT4:I2->O            1   0.612   0.000  n_reg_mux0000<2>33 (n_reg_mux0000<2>)
     FDC:D                     0.268          n_reg_2
    ----------------------------------------
    Total                      5.337ns (3.230ns logic, 2.107ns route)
                                       (60.5% logic, 39.5% route)

=========================================================================
Timing constraint: Default OFFSET IN BEFORE for Clock 'clk'
  Total number of paths / destination ports: 55 / 46
-------------------------------------------------------------------------
Offset:              5.114ns (Levels of Logic = 4)
  Source:            start (PAD)
  Destination:       t1_reg_1 (FF)
  Destination Clock: clk rising

  Data Path: start to t1_reg_1
                                Gate     Net
    Cell:in->out      fanout   Delay   Delay  Logical Name (Net Name)
    ----------------------------------------  ------------
     IBUF:I->O             9   1.106   0.849  start_IBUF (start_IBUF)
     LUT3_D:I0->LO         1   0.612   0.103  n_reg_mux0000<1>311 (N25)
     LUT4:I3->O           19   0.612   0.952  t1_reg_mux0000<0>11 (N01)
     LUT4:I2->O            1   0.612   0.000  t1_reg_mux0000<18>1 (t1_reg_mux0000<18>)
     FDC:D                     0.268          t1_reg_1
    ----------------------------------------
    Total                      5.114ns (3.210ns logic, 1.904ns route)
                                       (62.8% logic, 37.2% route)

=========================================================================
Timing constraint: Default OFFSET OUT AFTER for Clock 'clk'
  Total number of paths / destination ports: 22 / 22
-------------------------------------------------------------------------
Offset:              5.574ns (Levels of Logic = 2)
  Source:            state_reg_FSM_FFd2 (FF)
  Destination:       ready (PAD)
  Source Clock:      clk rising

  Data Path: state_reg_FSM_FFd2 to ready
                                Gate     Net
    Cell:in->out      fanout   Delay   Delay  Logical Name (Net Name)
    ----------------------------------------  ------------
     FDC:C->Q             19   0.514   0.922  state_reg_FSM_FFd2 (state_reg_FSM_FFd2)
     INV:I->O              1   0.612   0.357  state_reg_FSM_Out01_INV_0 (ready_OBUF)
     OBUF:I->O                 3.169          ready_OBUF (ready)
    ----------------------------------------
    Total                      5.574ns (4.295ns logic, 1.279ns route)
                                       (77.1% logic, 22.9% route)

=========================================================================


Total REAL time to Xst completion: 9.00 secs
Total CPU time to Xst completion: 8.38 secs
 
--> 

Total memory usage is 258780 kilobytes

Number of errors   :    0 (   0 filtered)
Number of warnings :    0 (   0 filtered)
Number of infos    :    0 (   0 filtered)

